
> onlyworkshop@0.1.0 test:e2e
> playwright test

[2m[WebServer] [22m<w> [webpack.cache.PackFileCacheStrategy/webpack.FileSystemInfo] Resolving '../../../typescript/lib/typescript' in d:\Users\Chait\Pratice\tts\workshop\app\node_modules\next\dist\build for build dependencies doesn't lead to expected result 'D:\Users\Chait\Pratice\tts\workshop\app\node_modules\typescript\lib\typescript.js', but to 'd:\Users\Chait\Pratice\tts\workshop\app\node_modules\typescript\lib\typescript.js' instead. Resolving dependencies are ignored for this path.
[2m[WebServer] [22m<w>  at resolve commonjs file ../../../typescript/lib/typescript (expected D:\Users\Chait\Pratice\tts\workshop\app\node_modules\typescript\lib\typescript.js)
[2m[WebServer] [22m<w>  at file dependencies d:\Users\Chait\Pratice\tts\workshop\app\node_modules\next\dist\build\load-jsconfig.js
[2m[WebServer] [22m<w>  at file d:\Users\Chait\Pratice\tts\workshop\app\node_modules\next\dist\build\load-jsconfig.js
[2m[WebServer] [22m<w>  at file dependencies d:\Users\Chait\Pratice\tts\workshop\app\node_modules\next\dist\build\webpack-config.js
[2m[WebServer] [22m<w>  at file d:\Users\Chait\Pratice\tts\workshop\app\node_modules\next\dist\build\webpack-config.js
[2m[WebServer] [22m<w>  at file dependencies d:\Users\Chait\Pratice\tts\workshop\app\node_modules\next\dist\build\handle-externals.js
[2m[WebServer] [22m<w>  at file d:\Users\Chait\Pratice\tts\workshop\app\node_modules\next\dist\build\handle-externals.js
[2m[WebServer] [22m<w>  at file dependencies d:\Users\Chait\Pratice\tts\workshop\app\node_modules\next\dist\build\webpack\loaders\next-swc-loader.js
[2m[WebServer] [22m<w>  at file d:\Users\Chait\Pratice\tts\workshop\app\node_modules\next\dist\build\webpack\loaders\next-swc-loader.js
[2m[WebServer] [22m<w>  at resolve commonjs d:\Users\Chait\Pratice\tts\workshop\app\node_modules\next\dist\build\webpack\loaders\next-swc-loader.js
[2m[WebServer] [22m<w> [webpack.cache.PackFileCacheStrategy/webpack.FileSystemInfo] Resolving '../../../typescript/lib/typescript' in d:\Users\Chait\Pratice\tts\workshop\app\node_modules\next\dist\build for build dependencies doesn't lead to expected result 'D:\Users\Chait\Pratice\tts\workshop\app\node_modules\typescript\lib\typescript.js', but to 'd:\Users\Chait\Pratice\tts\workshop\app\node_modules\typescript\lib\typescript.js' instead. Resolving dependencies are ignored for this path.
[2m[WebServer] [22m<w>  at resolve commonjs file ../../../typescript/lib/typescript (expected D:\Users\Chait\Pratice\tts\workshop\app\node_modules\typescript\lib\typescript.js)
[2m[WebServer] [22m<w>  at file dependencies d:\Users\Chait\Pratice\tts\workshop\app\node_modules\next\dist\build\load-jsconfig.js
[2m[WebServer] [22m<w>  at file d:\Users\Chait\Pratice\tts\workshop\app\node_modules\next\dist\build\load-jsconfig.js
[2m[WebServer] [22m<w>  at file dependencies d:\Users\Chait\Pratice\tts\workshop\app\node_modules\next\dist\build\webpack-config.js
[2m[WebServer] [22m<w>  at file d:\Users\Chait\Pratice\tts\workshop\app\node_modules\next\dist\build\webpack-config.js
[2m[WebServer] [22m<w>  at file dependencies d:\Users\Chait\Pratice\tts\workshop\app\node_modules\next\dist\build\handle-externals.js
[2m[WebServer] [22m<w>  at file d:\Users\Chait\Pratice\tts\workshop\app\node_modules\next\dist\build\handle-externals.js
[2m[WebServer] [22m<w>  at file dependencies d:\Users\Chait\Pratice\tts\workshop\app\node_modules\next\dist\build\webpack\loaders\next-swc-loader.js
[2m[WebServer] [22m<w>  at file d:\Users\Chait\Pratice\tts\workshop\app\node_modules\next\dist\build\webpack\loaders\next-swc-loader.js
[2m[WebServer] [22m<w>  at resolve commonjs d:\Users\Chait\Pratice\tts\workshop\app\node_modules\next\dist\build\webpack\loaders\next-swc-loader.js
[2m[WebServer] [22m<w> [webpack.cache.PackFileCacheStrategy] Serializing big strings (188kiB) impacts deserialization performance (consider using Buffer instead and decode when needed)
[2m[WebServer] [22m<w> [webpack.cache.PackFileCacheStrategy] Serializing big strings (139kiB) impacts deserialization performance (consider using Buffer instead and decode when needed)
[2m[WebServer] [22m<w> [webpack.cache.PackFileCacheStrategy] Serializing big strings (133kiB) impacts deserialization performance (consider using Buffer instead and decode when needed)
